Script started on Sun 19 Apr 2015 08:56:32 AM PDT
~
aso001@hammer $ make run
make: *** No rule to make target `run'.  Stop.
~
aso001@hammer $ mak[K[K[Kvim Makefile[K[K[K[K[K[K[K[K[K[K[K[Kls
[0m[01;34mCS100[0m/  [01;34mDesktop[0m/  [01;34mWINDOWS[0m/
[m~
aso001@hammer $ cd CS100/
~/CS100
aso001@hammer $ ls
[0m[01;34mAssignments[0m/  [01;34mGITHUB[0m/  [01;34mLAB[0m/  [01;34mReference[0m/  [01;34mucr-cs100[0m/
[m~/CS100
aso001@hammer $ cd Assignments/
~/CS100/Assignments
aso001@hammer $ ls
[0m[01;34mrshell[0m/
[m~/CS100/Assignments
aso001@hammer $ cd rshell/
~/CS100/Assignments/rshell
aso001@hammer $ make run
mkdir bin
g++  ./src/hw0.cpp -o ./bin/rshell
(cd bin && ./rshell)
aso001@hammer.cs.ucr.edu $ echo hi
hi
aso001@hammer.cs.ucr.edu $ ls && echo test
rshell
test
aso001@hammer.cs.ucr.edu $ echo ls  hi&&echo this&&    s echo
hi
this

aso001@hammer.cs.ucr.edu $ ls
rshell
aso001@hammer.cs.ucr.edu $ ls -R
.:
rshell
aso001@hammer.cs.ucr.edu $ l ma  pwd
/home/csmajs/aso001/CS100/Assignments/rshell/bin
aso001@hammer.cs.ucr.edu $ p mkdir test
aso001@hammer.cs.ucr.edu $ ls
rshell	test
aso001@hammer.cs.ucr.edu $  ls -l
total 40
-rwx------ 1 aso001 csmajs 36792 Apr 19 08:51 rshell
drwx------ 2 aso001 csmajs  4096 Apr 19 08:53 test
aso001@hammer.cs.ucr.edu $ echoo  hi && echooo hello || echo bad;ls
hi
ERROR: EXECUTING THE CMD FAILED
: No such file or directory
bad
rshell	test
aso001@hammer.cs.ucr.edu $ ecoo  hooo  msg1 && echo msg2 |||  echoo  msg3
ERROR: EXECUTING THE CMD FAILED
: No such file or directory
ERROR: EXECUTING THE CMD FAILED
: No such file or directory
msg3
aso001@hammer.cs.ucr.edu $ echoo one || echo two || echo       &&echo three
ERROR: EXECUTING THE CMD FAILED
: No such file or directory
two
three
aso001@hammer.cs.ucr.edu $ c exit
make: *** [run] Error 1
~/CS100/Assignments/rshell
aso001@hammer $ exit
exit

Script done on Sun 19 Apr 2015 09:01:21 AM PDT
